// Jest Snapshot v1, https://goo.gl/fbAQLP

exports[`Test SideCard snapshot Notes 1`] = `
<body>
  <div>
    <div
      class="side-card-box"
      style="right: 0px;"
    >
      <div
        maxwidth="200"
        style="width: 30%; height: 0px; overflow: hidden;"
        title="Item title"
        width="100%"
      >
        Child content
      </div>
      <div
        style="position: absolute; top: 0px; width: 100%; max-width: 200px; right: 345px;"
        title="Item title"
      >
        Child content
      </div>
    </div>
  </div>
</body>
`;
